// Jest Snapshot v1, https://goo.gl/fbAQLP

exports[`Draggable renders successfully 1`] = `
<div
  className="element-draggable"
  style={
    Object {
      "opacity": 1,
    }
  }
>
  Text
</div>
`;
