// Jest Snapshot v1, https://goo.gl/fbAQLP

exports[`Tray renders successfully 1`] = `
<div
  className="element-tray"
>
  Child text
</div>
`;
