// Jest Snapshot v1, https://goo.gl/fbAQLP

exports[`Trash renders successfully 1`] = `
<div
  className="element-trash"
  style={
    Object {
      "backgroundColor": "white",
      "opacity": 1,
    }
  }
>
  <svg
    aria-hidden="true"
    className="StyledIconBase-ea9ulj-0 bsimgx element-trash__icon"
    fill="currentColor"
    focusable="false"
    viewBox="0 0 24 24"
    xmlns="http://www.w3.org/2000/svg"
  >
    <path
      d="M6 7H5v13a2 2 0 0 0 2 2h10a2 2 0 0 0 2-2V7H6zm10.618-3L15 2H9L7.382 4H3v2h18V4z"
    />
  </svg>
</div>
`;
