// Jest Snapshot v1, https://goo.gl/fbAQLP

exports[`Placeholder renders successfully 1`] = `
<div
  className="element-placeholder"
  style={
    Object {
      "backgroundColor": "white",
    }
  }
>
  Text
</div>
`;
